GAMS 42.4.0  9dfaaa40 Mar 16, 2023          WEX-WEI x86 64bit/MS Windows - 05/06/23 19:56:48 Page 1
G e n e r a l   A l g e b r a i c   M o d e l i n g   S y s t e m
C o m p i l a t i o n


   1   
   2  sets
   3  t        periodos   /1*13/
   4  r        rows       /1*17/
   5  s        stages     /1*5/
   6   
   7  MAPSP(s,t)   map s y periods     /
   8   1.1
   9   1.2
  10   1.3
  11   2.4
  12   2.5
  13   3.6
  14   3.7
  15   3.8
  16   3.9
  17  4.10
  18  5.11
  19  5.12
  20  5.13
  21  /
  22   
  23  MAPSrow(s,r)  map s y periods   /
  24   1.1
  25   1.2
  26   2.3
  27   2.4
  28   2.5
  29   2.6
  30   3.7
  31   3.8
  32   3.9
  33  4.10
  34  4.11
  35  4.12
  36  5.13
  37  5.14
  38  5.15
  39  5.16
  40  5.17
  41  /
  42  ;
  43   
  44  parameters
  45  c(s,t)     coeficientes FO  /
  46   1.1        184
  47   1.2        642
  48   1.3        312
  49   2.4        304
  50   2.5        472
  51   3.6        305
  52   3.7        531
  53   3.8        805
  54   3.9        516
  55  4.10        344
  56  5.11        740
  57  5.12        764
  58  5.13        386
  59  /
  60  ;
  61   
  62  parameters
  63  b(s,r)     cotas restricciones   /
  64   1.1        2105
  65   1.2        2453
  66   2.3        4916
  67   2.4        2564
  68   2.5        1969
  69   2.6        1060
  70   3.7        3951
  71   3.8        1383
  72   3.9        2783
  73  4.10        2667
  74  4.11        3791
  75  4.12        1039
  76  5.13        4756
  77  5.14        2782
  78  5.15        2725
  79  5.16        3235
  80  5.17        3436
  81  /
  82  ;
  83   
  84  table A(s,r,s,t)     coeficientes restricciones master
  85             1.1       1.2       1.3       2.4       2.5       3.6       3.7       3.8       3.9      4.10      5.11      5.12      5.13
  86   1.1        28        38        12         0         0         0         0         0         0         0         0         0         0
  87   1.2        18        82        15         0         0         0         0         0         0         0         0         0         0
  88   2.3        -4        -2        -6        61        74         0         0         0         0         0         0         0         0
  89   2.4        -1        -2        -5        30        40         0         0         0         0         0         0         0         0
  90   2.5        -7        -4        -4        50        95         0         0         0         0         0         0         0         0
  91   2.6        -2        -3        -1        92        70         0         0         0         0         0         0         0         0
  92   3.7         0         0         0        -9        -7        88        48        26        21         0         0         0         0
  93   3.8         0         0         0        -8        -9        81        19        95        70         0         0         0         0
  94   3.9         0         0         0        -7        -7        55        26        51        24         0         0         0         0
  95  4.10         0         0         0         0         0        -8        -7        -6        -1        24         0         0         0
  96  4.11         0         0         0         0         0        -4        -4        -7        -3        32         0         0         0
  97  4.12         0         0         0         0         0        -9        -6        -6        -8        70         0         0         0
  98  5.13         0         0         0         0         0         0         0         0         0        -3        69        62        99
  99  5.14         0         0         0         0         0         0         0         0         0        -8        64        48        26
 100  5.15         0         0         0         0         0         0         0         0         0        -5        60        28        16
 101  5.16         0         0         0         0         0         0         0         0         0        -6        85        57        99
 102  5.17         0         0         0         0         0         0         0         0         0        -3        68        32        91
 103  ;
 104   
 105   


COMPILATION TIME     =        0.000 SECONDS      3 MB  42.4.0 9dfaaa40 WEX-WEI


EXECUTION TIME       =        0.000 SECONDS      3 MB  42.4.0 9dfaaa40 WEX-WEI


USER: Small MUD - 5 User License                     G220908|0002CO-WIN
      ENGIE Energia Peru S.A., Gerencia Comercial y de RegulacioDC13552


**** FILE SUMMARY

Input      C:\Users\djimeneza\docker\proyecto_postgresql\volume\workspace\tesis_maestria\tesis_maestria\_gams_py_gjo0.gms
Output     C:\Users\djimeneza\docker\proyecto_postgresql\volume\workspace\tesis_maestria\tesis_maestria\_gams_py_gjo0.lst
