GAMS 42.4.0  9dfaaa40 Mar 16, 2023          WEX-WEI x86 64bit/MS Windows - 04/17/23 16:31:27 Page 1
G e n e r a l   A l g e b r a i c   M o d e l i n g   S y s t e m
C o m p i l a t i o n


   1   
   2      sets
   3      i        variables master        /i1*i13/
   4      m        restricciones           /m1*m17/
   5      ;
   6   
   7      parameters
   8      C(i)     coeficientes FO   /
   9      i1        184
  10      i2        642
  11      i3        312
  12      i4        304
  13      i5        472
  14      i6        305
  15      i7        531
  16      i8        805
  17      i9        516
  18      i10        344
  19      i11        740
  20      i12        764
  21      i13        386
  22      /
  23   
  24   
  25      B(m)     cotas restricciones
  26      /
  27      m1        2105
  28      m2        2453
  29      m3        4916
  30      m4        2564
  31      m5        1969
  32      m6        1060
  33      m7        3951
  34      m8        1383
  35      m9        2783
  36      m10        2667
  37      m11        3791
  38      m12        1039
  39      m13        4756
  40      m14        2782
  41      m15        2725
  42      m16        3235
  43      m17        3436
  44      /
  45   
  46      ;
  47      table A(m,i)     coeficientes restricciones master
  48                 i1        i2        i3        i4        i5        i6        i7        i8        i9       i10       i11       i12       i13
  49       m1        28        38        12         0         0         0         0         0         0         0         0         0         0
  50       m2        18        82        15         0         0         0         0         0         0         0         0         0         0
  51       m3        -4        -2        -6        61        74         0         0         0         0         0         0         0         0
  52       m4        -1        -2        -5        30        40         0         0         0         0         0         0         0         0
  53       m5        -7        -4        -4        50        95         0         0         0         0         0         0         0         0
  54       m6        -2        -3        -1        92        70         0         0         0         0         0         0         0         0
  55       m7         0         0         0        -9        -7        88        48        26        21         0         0         0         0
  56       m8         0         0         0        -8        -9        81        19        95        70         0         0         0         0
  57       m9         0         0         0        -7        -7        55        26        51        24         0         0         0         0
  58      m10         0         0         0         0         0        -8        -7        -6        -1        24         0         0         0
  59      m11         0         0         0         0         0        -4        -4        -7        -3        32         0         0         0
  60      m12         0         0         0         0         0        -9        -6        -6        -8        70         0         0         0
  61      m13         0         0         0         0         0         0         0         0         0        -3        69        62        99
  62      m14         0         0         0         0         0         0         0         0         0        -8        64        48        26
  63      m15         0         0         0         0         0         0         0         0         0        -5        60        28        16
  64      m16         0         0         0         0         0         0         0         0         0        -6        85        57        99
  65      m17         0         0         0         0         0         0         0         0         0        -3        68        32        91
  66   
  67      ;
  68   
  69   


COMPILATION TIME     =        0.000 SECONDS      3 MB  42.4.0 9dfaaa40 WEX-WEI


EXECUTION TIME       =        0.000 SECONDS      3 MB  42.4.0 9dfaaa40 WEX-WEI


USER: Small MUD - 5 User License                     G220908|0002CO-WIN
      ENGIE Energia Peru S.A., Gerencia Comercial y de RegulacioDC13552


**** FILE SUMMARY

Input      C:\Users\djimeneza\docker\proyecto_postgresql\volume\workspace\tesis_maestria\tesis_maestria\_gams_py_gjo0.gms
Output     C:\Users\djimeneza\docker\proyecto_postgresql\volume\workspace\tesis_maestria\tesis_maestria\_gams_py_gjo0.lst
