GAMS 42.4.0  9dfaaa40 Mar 16, 2023          WEX-WEI x86 64bit/MS Windows - 05/20/23 16:27:52 Page 4
G e n e r a l   A l g e b r a i c   M o d e l i n g   S y s t e m
C o m p i l a t i o n


 135  solve multibenders1 using LP minimizing Z;


COMPILATION TIME     =        0.000 SECONDS      3 MB  42.4.0 9dfaaa40 WEX-WEI
GAMS 42.4.0  9dfaaa40 Mar 16, 2023          WEX-WEI x86 64bit/MS Windows - 05/20/23 16:27:52 Page 5
G e n e r a l   A l g e b r a i c   M o d e l i n g   S y s t e m
Equation Listing    SOLVE multibenders1 Using LP From line 135


---- eq_z1  =E=  funcion objetivo master primera iteracion benders

eq_z1..  184*x(1,1) + 642*x(1,2) + 312*x(1,3) - Z =E= 0 ; (LHS = 0)
     

---- eq_r1  =G=  ecuaciones

eq_r1(1,1)..  28*x(1,1) + 38*x(1,2) + 12*x(1,3) =G= 2105 ; (LHS = 0, INFES = 2105 ****)
     
eq_r1(1,2)..  18*x(1,1) + 82*x(1,2) + 15*x(1,3) =G= 2453 ; (LHS = 0, INFES = 2453 ****)
     
GAMS 42.4.0  9dfaaa40 Mar 16, 2023          WEX-WEI x86 64bit/MS Windows - 05/20/23 16:27:52 Page 6
G e n e r a l   A l g e b r a i c   M o d e l i n g   S y s t e m
Column Listing      SOLVE multibenders1 Using LP From line 135


---- x  variables

x(1,1)
                (.LO, .L, .UP, .M = 0, 0, +INF, 0)
      184       eq_z1
       28       eq_r1(1,1)
       18       eq_r1(1,2)

x(1,2)
                (.LO, .L, .UP, .M = 0, 0, +INF, 0)
      642       eq_z1
       38       eq_r1(1,1)
       82       eq_r1(1,2)

x(1,3)
                (.LO, .L, .UP, .M = 0, 0, +INF, 0)
      312       eq_z1
       12       eq_r1(1,1)
       15       eq_r1(1,2)


---- Z  FO

Z
                (.LO, .L, .UP, .M = -INF, 0, +INF, 0)
       -1       eq_z1

GAMS 42.4.0  9dfaaa40 Mar 16, 2023          WEX-WEI x86 64bit/MS Windows - 05/20/23 16:27:52 Page 7
G e n e r a l   A l g e b r a i c   M o d e l i n g   S y s t e m
Model Statistics    SOLVE multibenders1 Using LP From line 135


MODEL STATISTICS

BLOCKS OF EQUATIONS           2     SINGLE EQUATIONS            3
BLOCKS OF VARIABLES           2     SINGLE VARIABLES            4
NON ZERO ELEMENTS            10


GENERATION TIME      =        0.047 SECONDS      4 MB  42.4.0 9dfaaa40 WEX-WEI
GAMS 42.4.0  9dfaaa40 Mar 16, 2023          WEX-WEI x86 64bit/MS Windows - 05/20/23 16:27:52 Page 8
G e n e r a l   A l g e b r a i c   M o d e l i n g   S y s t e m
Solution Report     SOLVE multibenders1 Using LP From line 135


               S O L V E      S U M M A R Y

     MODEL   multibenders1       OBJECTIVE  Z
     TYPE    LP                  DIRECTION  MINIMIZE
     SOLVER  CPLEX               FROM LINE  135

**** SOLVER STATUS     1 Normal Completion
**** MODEL STATUS      1 Optimal
**** OBJECTIVE VALUE            21326.6824

 RESOURCE USAGE, LIMIT          0.000 10000000000.000
 ITERATION COUNT, LIMIT         2    2147483647
--- GAMS/Cplex Link licensed for continuous and discrete problems.
--- GMO setup time: 0.00s
--- GMO memory 0.50 Mb (peak 0.50 Mb)
--- Dictionary memory 0.00 Mb
--- Cplex 22.1.1.0 link memory 0.00 Mb (peak 0.00 Mb)
--- Starting Cplex


--- LP status (1): optimal.
--- Cplex Time: 0.00sec (det. 0.01 ticks)


Optimal solution found
Objective:        21326.682382


                           LOWER          LEVEL          UPPER         MARGINAL

---- EQU eq_z1               .              .              .            -1.0000      

  eq_z1  funcion objetivo master primera iteracion benders

---- EQU eq_r1  ecuaciones

           LOWER          LEVEL          UPPER         MARGINAL

1.1      2105.0000      2105.0000        +INF            2.1911      
1.2      2453.0000      2453.0000        +INF            6.8139      

---- VAR x  variables

           LOWER          LEVEL          UPPER         MARGINAL

1.1          .            49.2531        +INF             .          
1.2          .            19.1030        +INF             .          
1.3          .              .            +INF          183.4988      

                           LOWER          LEVEL          UPPER         MARGINAL

---- VAR Z                 -INF        21326.6824        +INF             .          

  Z  FO


**** REPORT SUMMARY :        0     NONOPT
                             0 INFEASIBLE
                             0  UNBOUNDED


EXECUTION TIME       =        0.735 SECONDS      4 MB  42.4.0 9dfaaa40 WEX-WEI


USER: Small MUD - 5 User License                     G220908|0002CO-WIN
      ENGIE Energia Peru S.A., Gerencia Comercial y de RegulacioDC13552


**** FILE SUMMARY

Restart    C:\Users\djimeneza\docker\proyecto_postgresql\volume\workspace\tesis_maestria\tesis_maestria\_gams_py_gcp0.g00
Input      C:\Users\djimeneza\docker\proyecto_postgresql\volume\workspace\tesis_maestria\tesis_maestria\_gams_py_gjo1.gms
Output     C:\Users\djimeneza\docker\proyecto_postgresql\volume\workspace\tesis_maestria\tesis_maestria\_gams_py_gjo1.lst
Save       C:\Users\djimeneza\docker\proyecto_postgresql\volume\workspace\tesis_maestria\tesis_maestria\_gams_py_gcp1.g0?

**** WARNING - COMPILER OPTIONS ARE NON DEFAULT     ONEMPTY
